{"ATOMIC_1":{"name":"not-found","scope":"response","url":"local:/components/greeting"}}
{"ATOMIC_2":{"name":"not-found","scope":"response","url":"local:/components/greeting"}}
{"COMP_1":{"name":"not-found","scope":"response","url":"local:/components/greeting","internalSource":"resource","property":"greeting","resource":{"subscribers":[{"closed":false,"queue":{"p":[],"q":[]}},{"closed":false,"queue":{"p":[],"q":[]}}],"closed":false,"url":"local:/components/greeting","locator":{"template":"local:/components/greeting"}},"source":"greeting"}}
{"COMP_2":{"name":"not-found","scope":"response","url":"local:/profile","internalSource":"resource","property":"profile","resource":{"subscribers":[{"closed":false,"queue":{"p":[null],"q":[]}}],"closed":false,"url":"local:/profile","locator":{"template":"local:/profile"}},"source":"profile"}}
{"COMP_2":{"name":"not-found","scope":"response","url":"local:/components/greeting","internalSource":"resource","property":"greeting","resource":{"subscribers":[{"closed":false,"queue":{"p":[null],"q":[]}},{"closed":false,"queue":{"p":[null],"q":[]}}],"closed":false,"url":"local:/components/greeting","locator":{"template":"local:/components/greeting"}},"source":"greeting"}}
{"COMP_2":{"name":"created","scope":"resource","value":"hello!","internalSource":"resource","property":"greeting","resource":{"subscribers":[{"closed":false,"queue":{"p":[null],"q":[]}},{"closed":false,"queue":{"p":[null],"q":[]}}],"closed":false,"url":"local:/components/greeting","locator":{"template":"local:/components/greeting"}},"source":"greeting"}}
{"COMP_3":{"name":"value","value":{"greeting":"hello!"},"scope":"model"}}
